# Readme test
Post list example:
<!-- BLOG-POST-LIST:START -->
[God Mode in browsers: document.designMode = "on"](https://dev.to/gautamkrishnar/god-mode-in-browsers-document-designmode-on-2pmo): Thu Jul 16 2020 10:40 AM 

[Skipping the Chrome "Your connection is not private" warning](https://dev.to/gautamkrishnar/quickbits-1-skipping-the-chrome-your-connection-is-not-private-warning-4kp1): Sun May 03 2020 3:14 PM 

[Microsoft Student Partners – Geek is the new rockstar](https://dev.to/gautamkrishnar/microsoft-student-partners--geek-is-the-new-rockstar): Sun Jun 25 2017 4:35 PM 

[An Introduction to NumPy](https://dev.to/gautamkrishnar/an-introduction-to-numpy): Wed Apr 19 2017 3:34 PM 

[Hi, I'm Gautam krishna.R](https://dev.to/gautamkrishnar/hi-im-gautam-krishnar): Sun Apr 02 2017 7:04 PM 

[DuckDuckGo – The search engine redefined](https://dev.to/gautamkrishnar/duckduckgo-the-search-engine-redefined-4c7d): Thu Nov 05 2015 7:49 PM 
<!-- BLOG-POST-LIST:END -->

# Other contents
Test content
