# Readme test
Post list example:
<!-- BLOG-POST-LIST:START -->
- [Hi, I'm Gautam krishna.R](https://dev.to/gautamkrishnar/hi-im-gautam-krishnar)
- [God Mode in browsers: document.designMode = "on"](https://dev.to/gautamkrishnar/god-mode-in-browsers-document-designmode-on-2pmo)
- [Microsoft Student Partners – Geek is the new rockstar](https://dev.to/gautamkrishnar/microsoft-student-partners--geek-is-the-new-rockstar)
- [DuckDuckGo – The search engine redefined](https://dev.to/gautamkrishnar/duckduckgo-the-search-engine-redefined-4c7d)
- [Skipping the Chrome "Your connection is not private" warning](https://dev.to/gautamkrishnar/quickbits-1-skipping-the-chrome-your-connection-is-not-private-warning-4kp1)
<!-- BLOG-POST-LIST:END -->

# Other contents
Test content
