# Readme test
Post list example:
<!-- BLOG-POST-LIST:START --><p>Just ty... 
<p>You guy... 
<p><a href... 
<p><a href... 
<p>I have... 
<p><a href... 
<!-- BLOG-POST-LIST:END -->

# Other contents
Test content
